[feat] data/store_100.npz: 20667 windows; vocab top-2000 covers 86.5% (residual bucket holds the rest)
  ...500/20667 [2s]
  ...1000/20667 [3s]
  ...1500/20667 [3s]
  ...2000/20667 [4s]
  ...2500/20667 [4s]
  ...3000/20667 [5s]
  ...3500/20667 [5s]
  ...4000/20667 [6s]
  ...4500/20667 [6s]
  ...5000/20667 [6s]
  ...5500/20667 [7s]
  ...6000/20667 [7s]
  ...6500/20667 [7s]
  ...7000/20667 [8s]
  ...7500/20667 [8s]
  ...8000/20667 [9s]
  ...8500/20667 [9s]
  ...9000/20667 [9s]
  ...9500/20667 [10s]
  ...10000/20667 [10s]
  ...10500/20667 [11s]
  ...11000/20667 [11s]
  ...11500/20667 [11s]
  ...12000/20667 [12s]
  ...12500/20667 [12s]
  ...13000/20667 [13s]
  ...13500/20667 [13s]
  ...14000/20667 [14s]
  ...14500/20667 [14s]
  ...15000/20667 [15s]
  ...15500/20667 [15s]
  ...16000/20667 [16s]
  ...16500/20667 [16s]
  ...17000/20667 [17s]
  ...17500/20667 [17s]
  ...18000/20667 [18s]
  ...18500/20667 [19s]
  ...19000/20667 [19s]
  ...19500/20667 [20s]
  ...20000/20667 [21s]
  ...20500/20667 [21s]
[feat] ranges: min={'S_R': 0.53, 'S_T': 0.277, 'S_A': 0.029, 'S_P': 0.506} max={'S_R': 1.0, 'S_T': 1.0, 'S_A': 1.0, 'S_P': 1.0}
[feat] steady prefix (first 64): median={'S_R': 0.845, 'S_T': 0.931, 'S_A': 1.0, 'S_P': 0.736}
[feat]                                sigma ={'S_R': 0.0912, 'S_T': 0.0309, 'S_A': 0.1373, 'S_P': 0.0854}
[feat] post-prefix medians: {'S_R': 0.864, 'S_T': 0.968, 'S_A': 0.124, 'S_P': 1.0}
[feat] wrote data/features_100.parquet  [22s total]
