[feat] data/store_79.npz: 12331 windows; vocab top-2000 covers 69.8% (residual bucket holds the rest)
  ...500/12331 [1s]
  ...1000/12331 [2s]
  ...1500/12331 [3s]
  ...2000/12331 [4s]
  ...2500/12331 [5s]
  ...3000/12331 [5s]
  ...3500/12331 [6s]
  ...4000/12331 [7s]
  ...4500/12331 [8s]
  ...5000/12331 [8s]
  ...5500/12331 [9s]
  ...6000/12331 [10s]
  ...6500/12331 [10s]
  ...7000/12331 [11s]
  ...7500/12331 [12s]
  ...8000/12331 [13s]
  ...8500/12331 [13s]
  ...9000/12331 [14s]
  ...9500/12331 [15s]
  ...10000/12331 [15s]
  ...10500/12331 [16s]
  ...11000/12331 [17s]
  ...11500/12331 [18s]
  ...12000/12331 [18s]
[feat] ranges: min={'S_R': 0.515, 'S_T': 0.002, 'S_A': 0.0, 'S_P': 0.471} max={'S_R': 1.0, 'S_T': 1.0, 'S_A': 1.0, 'S_P': 1.0}
[feat] steady prefix (first 64): median={'S_R': 0.689, 'S_T': 0.62, 'S_A': 0.133, 'S_P': 0.821}
[feat]                                sigma ={'S_R': 0.0851, 'S_T': 0.2922, 'S_A': 0.1703, 'S_P': 0.1211}
[feat] post-prefix medians: {'S_R': 0.709, 'S_T': 0.768, 'S_A': 0.196, 'S_P': 0.876}
[feat] wrote data/features_79.parquet  [19s total]
